// Jest Snapshot v1, https://goo.gl/fbAQLP

exports[`Home view tests renders correctly 1`] = `
Object {
  "asFragment": [Function],
  "baseElement": <body>
    <div>
      <div
        class="home-wrapper container-fluid p-0"
      >
        <div
          class="row"
          style="height: 22vh; padding: 1em; background-color: rgb(88, 137, 228);"
        >
          <div
            class="col-7"
            style="background-image: url(usa_map.png); background-color: rgb(88, 137, 228); background-blend-mode: multiply; background-size: 25vh; background-repeat: no-repeat;"
          />
          <div
            class="d-flex flex-column justify-content-center ps-4 col"
          >
            <h1
              class="mb-0"
            >
              USA
            </h1>
            <p>
               
              machines
            </p>
          </div>
        </div>
        <div
          class="container"
          style="background-color: rgb(53, 84, 139);"
        >
          <p
            class="fw-bold"
            style="font-size: 1em;"
          >
            MACHINES BY CITY
          </p>
        </div>
        <div
          class="top-container container-fluid"
        >
          <div
            class="cities-row row"
          />
        </div>
      </div>
    </div>
  </body>,
  "container": <div>
    <div
      class="home-wrapper container-fluid p-0"
    >
      <div
        class="row"
        style="height: 22vh; padding: 1em; background-color: rgb(88, 137, 228);"
      >
        <div
          class="col-7"
          style="background-image: url(usa_map.png); background-color: rgb(88, 137, 228); background-blend-mode: multiply; background-size: 25vh; background-repeat: no-repeat;"
        />
        <div
          class="d-flex flex-column justify-content-center ps-4 col"
        >
          <h1
            class="mb-0"
          >
            USA
          </h1>
          <p>
             
            machines
          </p>
        </div>
      </div>
      <div
        class="container"
        style="background-color: rgb(53, 84, 139);"
      >
        <p
          class="fw-bold"
          style="font-size: 1em;"
        >
          MACHINES BY CITY
        </p>
      </div>
      <div
        class="top-container container-fluid"
      >
        <div
          class="cities-row row"
        />
      </div>
    </div>
  </div>,
  "debug": [Function],
  "findAllByAltText": [Function],
  "findAllByDisplayValue": [Function],
  "findAllByLabelText": [Function],
  "findAllByPlaceholderText": [Function],
  "findAllByRole": [Function],
  "findAllByTestId": [Function],
  "findAllByText": [Function],
  "findAllByTitle": [Function],
  "findByAltText": [Function],
  "findByDisplayValue": [Function],
  "findByLabelText": [Function],
  "findByPlaceholderText": [Function],
  "findByRole": [Function],
  "findByTestId": [Function],
  "findByText": [Function],
  "findByTitle": [Function],
  "getAllByAltText": [Function],
  "getAllByDisplayValue": [Function],
  "getAllByLabelText": [Function],
  "getAllByPlaceholderText": [Function],
  "getAllByRole": [Function],
  "getAllByTestId": [Function],
  "getAllByText": [Function],
  "getAllByTitle": [Function],
  "getByAltText": [Function],
  "getByDisplayValue": [Function],
  "getByLabelText": [Function],
  "getByPlaceholderText": [Function],
  "getByRole": [Function],
  "getByTestId": [Function],
  "getByText": [Function],
  "getByTitle": [Function],
  "queryAllByAltText": [Function],
  "queryAllByDisplayValue": [Function],
  "queryAllByLabelText": [Function],
  "queryAllByPlaceholderText": [Function],
  "queryAllByRole": [Function],
  "queryAllByTestId": [Function],
  "queryAllByText": [Function],
  "queryAllByTitle": [Function],
  "queryByAltText": [Function],
  "queryByDisplayValue": [Function],
  "queryByLabelText": [Function],
  "queryByPlaceholderText": [Function],
  "queryByRole": [Function],
  "queryByTestId": [Function],
  "queryByText": [Function],
  "queryByTitle": [Function],
  "rerender": [Function],
  "unmount": [Function],
}
`;
